******************************************************************************
                  TI ARM Linker PC v18.12.1                    
******************************************************************************
>> Linked Sun Sep 22 21:26:02 2019

OUTPUT FILE NAME:   <uart_echo.out>
ENTRY POINT SYMBOL: "_c_int00_noargs"  address: 000009c1


MEMORY CONFIGURATION

         name            origin    length      used     unused   attr    fill
----------------------  --------  ---------  --------  --------  ----  --------
  FLASH                 00000000   00040000  00000b4a  0003f4b6  R  X
  SRAM                  20000000   00008000  00000122  00007ede  RW X


SEGMENT ALLOCATION MAP

run origin  load origin   length   init length attrs members
----------  ----------- ---------- ----------- ----- -------
00000000    00000000    00000b50   00000b50    r-x
  00000000    00000000    0000026c   0000026c    r-- .intvecs
  0000026c    0000026c    00000816   00000816    r-x .text
  00000a84    00000a84    00000090   00000090    r-- .const
  00000b18    00000b18    00000038   00000038    r-- .cinit
20000000    20000000    00000122   00000000    rw-
  20000000    20000000    00000100   00000000    rw- .stack
  20000100    20000100    00000014   00000000    rw- .data
  20000114    20000114    0000000e   00000000    rw- .bss


SECTION ALLOCATION MAP

 output                                  attributes/
section   page    origin      length       input sections
--------  ----  ----------  ----------   ----------------
.intvecs   0    00000000    0000026c     
                  00000000    0000026c     startup_ccs.obj (.intvecs)

.text      0    0000026c    00000816     
                  0000026c    0000017c     uart_Eecho.obj (.text:main)
                  000003e8    00000132     driverlib.lib : gpio.obj (.text:GPIOPadConfigSet)
                  0000051a    0000009c     rtsv7M4_T_le_v4SPD16_eabi.lib : memcpy_t2.asm.obj (.text)
                  000005b6    00000002     startup_ccs.obj (.text:FaultISR)
                  000005b8    00000098     uart_Eecho.obj (.text:UARTIntHandler_1)
                  00000650    00000088     uart_Eecho.obj (.text:CalculateTime)
                  000006d8    00000074     uart_Eecho.obj (.text:UART_Init1)
                  0000074c    0000006c     uart_Eecho.obj (.text:UART_Init0)
                  000007b8    00000068     uart_Eecho.obj (.text:Timer0IntHandler)
                  00000820    00000068     rtsv7M4_T_le_v4SPD16_eabi.lib : copy_decompress_lzss.c.obj (.text:decompress:lzss:__TI_decompress_lzss)
                  00000888    00000060     uart_Eecho.obj (.text:Timers_Init)
                  000008e8    0000004c     uart_Eecho.obj (.text:UARTIntHandler)
                  00000934    00000048     driverlib.lib : gpio.obj (.text:GPIOPinConfigure)
                  0000097c    00000044     rtsv7M4_T_le_v4SPD16_eabi.lib : autoinit.c.obj (.text:__TI_auto_init_nobinit_nopinit:__TI_auto_init_nobinit_nopinit)
                  000009c0    00000034                                   : boot_cortex_m.c.obj (.text:_c_int00_noargs:_c_int00_noargs)
                  000009f4    0000002a     driverlib.lib : gpio.obj (.text:GPIODirModeSet)
                  00000a1e    00000012                   : gpio.obj (.text:GPIOPinTypeGPIOInput)
                  00000a30    00000012     rtsv7M4_T_le_v4SPD16_eabi.lib : copy_zero_init.c.obj (.text:decompress:ZI:__TI_zero_init_nomemset:__TI_zero_init_nomemset)
                  00000a42    0000000e                                   : copy_decompress_none.c.obj (.text:decompress:none:__TI_decompress_none)
                  00000a50    0000000a     driverlib.lib : uart.obj (.text:UARTCharGet)
                  00000a5a    0000000a                   : uart.obj (.text:UARTCharPut)
                  00000a64    00000006                   : gpio.obj (.text:GPIOPinRead)
                  00000a6a    00000006                   : gpio.obj (.text:GPIOPinWrite)
                  00000a70    00000006     startup_ccs.obj (.text:ResetISR)
                  00000a76    00000004     rtsv7M4_T_le_v4SPD16_eabi.lib : pre_init.c.obj (.text:_system_pre_init)
                  00000a7a    00000004                                   : exit.c.obj (.text:abort:abort)
                  00000a7e    00000002     startup_ccs.obj (.text:IntDefaultHandler)
                  00000a80    00000002     startup_ccs.obj (.text:NmiSR)

.const     0    00000a84    00000090     
                  00000a84    00000090     driverlib.lib : gpio.obj (.const:g_pui32GPIOBaseAddrs)

.cinit     0    00000b18    00000038     
                  00000b18    00000012     (.cinit..data.load) [load image, compression = lzss]
                  00000b2a    00000002     --HOLE-- [fill = 0]
                  00000b2c    0000000c     (__TI_handler_table)
                  00000b38    00000008     (.cinit..bss.load) [load image, compression = zero_init]
                  00000b40    00000010     (__TI_cinit_table)

.init_array 
*          0    00000000    00000000     UNINITIALIZED

.data      0    20000100    00000014     UNINITIALIZED
                  20000100    00000014     uart_Eecho.obj (.data)

.bss       0    20000114    0000000e     UNINITIALIZED
                  20000114    00000004     (.common:g_ui32Flags)
                  20000118    00000004     (.common:pinval1)
                  2000011c    00000004     (.common:pinval2)
                  20000120    00000002     (.common:CurrentTime)

.stack     0    20000000    00000100     UNINITIALIZED
                  20000000    00000004     rtsv7M4_T_le_v4SPD16_eabi.lib : boot_cortex_m.c.obj (.stack)
                  20000004    000000fc     --HOLE--

MODULE SUMMARY

       Module                       code   ro data   rw data
       ------                       ----   -------   -------
    .\
       uart_Eecho.obj               1168   0         34     
       startup_ccs.obj              12     620       0      
    +--+----------------------------+------+---------+---------+
       Total:                       1180   620       34     
                                                            
    C:/ti/TivaWare_C_Series-2.1.4.178/driverlib/ccs/Debug/driverlib.lib
       gpio.obj                     450    144       0      
       uart.obj                     20     0         0      
    +--+----------------------------+------+---------+---------+
       Total:                       470    144       0      
                                                            
    C:\ti\ccs901\ccs\tools\compiler\ti-cgt-arm_18.12.1.LTS\lib\rtsv7M4_T_le_v4SPD16_eabi.lib
       memcpy_t2.asm.obj            156    0         0      
       copy_decompress_lzss.c.obj   104    0         0      
       autoinit.c.obj               68     0         0      
       boot_cortex_m.c.obj          52     0         0      
       copy_zero_init.c.obj         18     0         0      
       copy_decompress_none.c.obj   14     0         0      
       exit.c.obj                   4      0         0      
       pre_init.c.obj               4      0         0      
    +--+----------------------------+------+---------+---------+
       Total:                       420    0         0      
                                                            
       Stack:                       0      0         256    
       Linker Generated:            0      54        0      
    +--+----------------------------+------+---------+---------+
       Grand Total:                 2070   818       290    


LINKER GENERATED COPY TABLES

__TI_cinit_table @ 00000b40 records: 2, size/record: 8, table size: 16
	.data: load addr=00000b18, load size=00000012 bytes, run addr=20000100, run size=00000014 bytes, compression=lzss
	.bss: load addr=00000b38, load size=00000008 bytes, run addr=20000114, run size=0000000e bytes, compression=zero_init


LINKER GENERATED HANDLER TABLE

__TI_handler_table @ 00000b2c records: 3, size/record: 4, table size: 12
	index: 0, handler: __TI_decompress_lzss
	index: 1, handler: __TI_decompress_none
	index: 2, handler: __TI_zero_init


GLOBAL SYMBOLS: SORTED ALPHABETICALLY BY Name 

address   name                          
-------   ----                          
00000a7b  C$$EXIT                       
00000651  CalculateTime                 
20000120  CurrentTime                   
000009f5  GPIODirModeSet                
000003e9  GPIOPadConfigSet              
00000935  GPIOPinConfigure              
00000a65  GPIOPinRead                   
00000a1f  GPIOPinTypeGPIOInput          
00000a6b  GPIOPinWrite                  
00000a71  ResetISR                      
000007b9  Timer0IntHandler              
00000889  Timers_Init                   
2000010c  UART0_Incoming                
20000110  UART1_Incoming                
00000a51  UARTCharGet                   
00000a5b  UARTCharPut                   
000008e9  UARTIntHandler                
000005b9  UARTIntHandler_1              
0000074d  UART_Init0                    
000006d9  UART_Init1                    
20000100  __STACK_END                   
00000100  __STACK_SIZE                  
20000100  __STACK_TOP                   
00000b40  __TI_CINIT_Base               
00000b50  __TI_CINIT_Limit              
00000b2c  __TI_Handler_Table_Base       
00000b38  __TI_Handler_Table_Limit      
0000097d  __TI_auto_init_nobinit_nopinit
00000821  __TI_decompress_lzss          
00000a43  __TI_decompress_none          
ffffffff  __TI_pprof_out_hndl           
ffffffff  __TI_prof_data_size           
ffffffff  __TI_prof_data_start          
00000000  __TI_static_base__            
00000a31  __TI_zero_init_nomemset       
0000051b  __aeabi_memcpy                
0000051b  __aeabi_memcpy4               
0000051b  __aeabi_memcpy8               
ffffffff  __binit__                     
ffffffff  __c_args__                    
UNDEFED   __mpu_init                    
20000000  __stack                       
000009c1  _c_int00_noargs               
UNDEFED   _system_post_cinit            
00000a77  _system_pre_init              
00000a7b  abort                         
ffffffff  binit                         
20000109  g_flags                       
00000000  g_pfnVectors                  
20000114  g_ui32Flags                   
0000026d  main                          
0000051b  memcpy                        
20000118  pinval1                       
2000011c  pinval2                       


GLOBAL SYMBOLS: SORTED BY Symbol Address 

address   name                          
-------   ----                          
00000000  __TI_static_base__            
00000000  g_pfnVectors                  
00000100  __STACK_SIZE                  
0000026d  main                          
000003e9  GPIOPadConfigSet              
0000051b  __aeabi_memcpy                
0000051b  __aeabi_memcpy4               
0000051b  __aeabi_memcpy8               
0000051b  memcpy                        
000005b9  UARTIntHandler_1              
00000651  CalculateTime                 
000006d9  UART_Init1                    
0000074d  UART_Init0                    
000007b9  Timer0IntHandler              
00000821  __TI_decompress_lzss          
00000889  Timers_Init                   
000008e9  UARTIntHandler                
00000935  GPIOPinConfigure              
0000097d  __TI_auto_init_nobinit_nopinit
000009c1  _c_int00_noargs               
000009f5  GPIODirModeSet                
00000a1f  GPIOPinTypeGPIOInput          
00000a31  __TI_zero_init_nomemset       
00000a43  __TI_decompress_none          
00000a51  UARTCharGet                   
00000a5b  UARTCharPut                   
00000a65  GPIOPinRead                   
00000a6b  GPIOPinWrite                  
00000a71  ResetISR                      
00000a77  _system_pre_init              
00000a7b  C$$EXIT                       
00000a7b  abort                         
00000b2c  __TI_Handler_Table_Base       
00000b38  __TI_Handler_Table_Limit      
00000b40  __TI_CINIT_Base               
00000b50  __TI_CINIT_Limit              
20000000  __stack                       
20000100  __STACK_END                   
20000100  __STACK_TOP                   
20000109  g_flags                       
2000010c  UART0_Incoming                
20000110  UART1_Incoming                
20000114  g_ui32Flags                   
20000118  pinval1                       
2000011c  pinval2                       
20000120  CurrentTime                   
ffffffff  __TI_pprof_out_hndl           
ffffffff  __TI_prof_data_size           
ffffffff  __TI_prof_data_start          
ffffffff  __binit__                     
ffffffff  __c_args__                    
ffffffff  binit                         
UNDEFED   __mpu_init                    
UNDEFED   _system_post_cinit            

[54 symbols]
