******************************************************************************
                  TI ARM Linker PC v18.12.1                    
******************************************************************************
>> Linked Sun Sep 22 23:23:03 2019

OUTPUT FILE NAME:   <uart_echo.out>
ENTRY POINT SYMBOL: "_c_int00_noargs"  address: 000008d1


MEMORY CONFIGURATION

         name            origin    length      used     unused   attr    fill
----------------------  --------  ---------  --------  --------  ----  --------
  FLASH                 00000000   00040000  00000a68  0003f598  R  X
  SRAM                  20000000   00008000  0000011c  00007ee4  RW X


SEGMENT ALLOCATION MAP

run origin  load origin   length   init length attrs members
----------  ----------- ---------- ----------- ----- -------
00000000    00000000    00000a68   00000a68    r-x
  00000000    00000000    0000026c   0000026c    r-- .intvecs
  0000026c    0000026c    0000073c   0000073c    r-x .text
  000009a8    000009a8    00000090   00000090    r-- .const
  00000a38    00000a38    00000030   00000030    r-- .cinit
20000000    20000000    0000011c   00000000    rw-
  20000000    20000000    00000100   00000000    rw- .stack
  20000100    20000100    00000014   00000000    rw- .data
  20000114    20000114    00000008   00000000    rw- .bss


SECTION ALLOCATION MAP

 output                                  attributes/
section   page    origin      length       input sections
--------  ----  ----------  ----------   ----------------
.intvecs   0    00000000    0000026c     
                  00000000    0000026c     startup_ccs.obj (.intvecs)

.text      0    0000026c    0000073c     
                  0000026c    00000138     uart_echo.obj (.text:main)
                  000003a4    00000132     driverlib.lib : gpio.obj (.text:GPIOPadConfigSet)
                  000004d6    0000009c     rtsv7M4_T_le_v4SPD16_eabi.lib : memcpy_t2.asm.obj (.text)
                  00000572    00000002     startup_ccs.obj (.text:FaultISR)
                  00000574    00000098     uart_echo.obj (.text:UARTIntHandler_1)
                  0000060c    00000074     uart_echo.obj (.text:UART_Init1)
                  00000680    0000006c     uart_echo.obj (.text:UART_Init0)
                  000006ec    00000068     rtsv7M4_T_le_v4SPD16_eabi.lib : copy_decompress_lzss.c.obj (.text:decompress:lzss:__TI_decompress_lzss)
                  00000754    00000060     uart_echo.obj (.text:Timers_Init)
                  000007b4    00000050     uart_echo.obj (.text:UARTIntHandler)
                  00000804    00000048     driverlib.lib : gpio.obj (.text:GPIOPinConfigure)
                  0000084c    00000044     rtsv7M4_T_le_v4SPD16_eabi.lib : autoinit.c.obj (.text:__TI_auto_init_nobinit_nopinit:__TI_auto_init_nobinit_nopinit)
                  00000890    00000040     uart_echo.obj (.text:Timer0IntHandler)
                  000008d0    00000034     rtsv7M4_T_le_v4SPD16_eabi.lib : boot_cortex_m.c.obj (.text:_c_int00_noargs:_c_int00_noargs)
                  00000904    0000002a     driverlib.lib : gpio.obj (.text:GPIODirModeSet)
                  0000092e    00000002     startup_ccs.obj (.text:IntDefaultHandler)
                  00000930    00000020     uart_echo.obj (.text:Calc_Dist)
                  00000950    00000012     driverlib.lib : gpio.obj (.text:GPIOPinTypeGPIOInput)
                  00000962    00000012     rtsv7M4_T_le_v4SPD16_eabi.lib : copy_zero_init.c.obj (.text:decompress:ZI:__TI_zero_init_nomemset:__TI_zero_init_nomemset)
                  00000974    0000000e                                   : copy_decompress_none.c.obj (.text:decompress:none:__TI_decompress_none)
                  00000982    0000000a     driverlib.lib : uart.obj (.text:UARTCharPut)
                  0000098c    00000006                   : gpio.obj (.text:GPIOPinRead)
                  00000992    00000006     startup_ccs.obj (.text:ResetISR)
                  00000998    00000006     driverlib.lib : sysctl.obj (.text:SysCtlDelay)
                  0000099e    00000004     rtsv7M4_T_le_v4SPD16_eabi.lib : pre_init.c.obj (.text:_system_pre_init)
                  000009a2    00000004                                   : exit.c.obj (.text:abort:abort)
                  000009a6    00000002     startup_ccs.obj (.text:NmiSR)

.const     0    000009a8    00000090     
                  000009a8    00000090     driverlib.lib : gpio.obj (.const:g_pui32GPIOBaseAddrs)

.cinit     0    00000a38    00000030     
                  00000a38    0000000c     (.cinit..data.load) [load image, compression = lzss]
                  00000a44    0000000c     (__TI_handler_table)
                  00000a50    00000008     (.cinit..bss.load) [load image, compression = zero_init]
                  00000a58    00000010     (__TI_cinit_table)

.init_array 
*          0    00000000    00000000     UNINITIALIZED

.data      0    20000100    00000014     UNINITIALIZED
                  20000100    00000010     uart_echo.obj (.data)
                  20000110    00000002     uart_echo.obj (.data:IncomingTime)
                  20000112    00000002     uart_echo.obj (.data:StartTime)

.bss       0    20000114    00000008     UNINITIALIZED
                  20000114    00000004     (.common:Time_Diff)
                  20000118    00000004     (.common:g_ui32Flags)

.stack     0    20000000    00000100     UNINITIALIZED
                  20000000    00000004     rtsv7M4_T_le_v4SPD16_eabi.lib : boot_cortex_m.c.obj (.stack)
                  20000004    000000fc     --HOLE--

MODULE SUMMARY

       Module                       code   ro data   rw data
       ------                       ----   -------   -------
    .\
       uart_echo.obj                960    0         28     
       startup_ccs.obj              12     620       0      
    +--+----------------------------+------+---------+---------+
       Total:                       972    620       28     
                                                            
    E:/ti/TivaWare_C_Series-2.1.4.178/driverlib/ccs/Debug/driverlib.lib
       gpio.obj                     444    144       0      
       uart.obj                     10     0         0      
       sysctl.obj                   6      0         0      
    +--+----------------------------+------+---------+---------+
       Total:                       460    144       0      
                                                            
    E:\ti\ccs901\ccs\tools\compiler\ti-cgt-arm_18.12.1.LTS\lib\rtsv7M4_T_le_v4SPD16_eabi.lib
       memcpy_t2.asm.obj            156    0         0      
       copy_decompress_lzss.c.obj   104    0         0      
       autoinit.c.obj               68     0         0      
       boot_cortex_m.c.obj          52     0         0      
       copy_zero_init.c.obj         18     0         0      
       copy_decompress_none.c.obj   14     0         0      
       exit.c.obj                   4      0         0      
       pre_init.c.obj               4      0         0      
    +--+----------------------------+------+---------+---------+
       Total:                       420    0         0      
                                                            
       Stack:                       0      0         256    
       Linker Generated:            0      48        0      
    +--+----------------------------+------+---------+---------+
       Grand Total:                 1852   812       284    


LINKER GENERATED COPY TABLES

__TI_cinit_table @ 00000a58 records: 2, size/record: 8, table size: 16
	.data: load addr=00000a38, load size=0000000c bytes, run addr=20000100, run size=00000014 bytes, compression=lzss
	.bss: load addr=00000a50, load size=00000008 bytes, run addr=20000114, run size=00000008 bytes, compression=zero_init


LINKER GENERATED HANDLER TABLE

__TI_handler_table @ 00000a44 records: 3, size/record: 4, table size: 12
	index: 0, handler: __TI_decompress_lzss
	index: 1, handler: __TI_decompress_none
	index: 2, handler: __TI_zero_init


GLOBAL SYMBOLS: SORTED ALPHABETICALLY BY Name 

address   name                          
-------   ----                          
000009a3  C$$EXIT                       
00000931  Calc_Dist                     
00000905  GPIODirModeSet                
000003a5  GPIOPadConfigSet              
00000805  GPIOPinConfigure              
0000098d  GPIOPinRead                   
00000951  GPIOPinTypeGPIOInput          
20000104  IncomingSpeed                 
20000110  IncomingTime                  
00000993  ResetISR                      
20000112  StartTime                     
20000100  StopFlag                      
00000999  SysCtlDelay                   
20000114  Time_Diff                     
00000891  Timer0IntHandler              
00000755  Timers_Init                   
20000108  UART0_Incoming                
20000106  UART1Counter                  
2000010c  UART1_Incoming                
00000983  UARTCharPut                   
000007b5  UARTIntHandler                
00000575  UARTIntHandler_1              
00000681  UART_Init0                    
0000060d  UART_Init1                    
20000100  __STACK_END                   
00000100  __STACK_SIZE                  
20000100  __STACK_TOP                   
00000a58  __TI_CINIT_Base               
00000a68  __TI_CINIT_Limit              
00000a44  __TI_Handler_Table_Base       
00000a50  __TI_Handler_Table_Limit      
0000084d  __TI_auto_init_nobinit_nopinit
000006ed  __TI_decompress_lzss          
00000975  __TI_decompress_none          
ffffffff  __TI_pprof_out_hndl           
ffffffff  __TI_prof_data_size           
ffffffff  __TI_prof_data_start          
00000000  __TI_static_base__            
00000963  __TI_zero_init_nomemset       
000004d7  __aeabi_memcpy                
000004d7  __aeabi_memcpy4               
000004d7  __aeabi_memcpy8               
ffffffff  __binit__                     
ffffffff  __c_args__                    
UNDEFED   __mpu_init                    
20000000  __stack                       
000008d1  _c_int00_noargs               
UNDEFED   _system_post_cinit            
0000099f  _system_pre_init              
000009a3  abort                         
ffffffff  binit                         
00000000  g_pfnVectors                  
20000118  g_ui32Flags                   
0000026d  main                          
000004d7  memcpy                        
20000105  startSpeed                    


GLOBAL SYMBOLS: SORTED BY Symbol Address 

address   name                          
-------   ----                          
00000000  __TI_static_base__            
00000000  g_pfnVectors                  
00000100  __STACK_SIZE                  
0000026d  main                          
000003a5  GPIOPadConfigSet              
000004d7  __aeabi_memcpy                
000004d7  __aeabi_memcpy4               
000004d7  __aeabi_memcpy8               
000004d7  memcpy                        
00000575  UARTIntHandler_1              
0000060d  UART_Init1                    
00000681  UART_Init0                    
000006ed  __TI_decompress_lzss          
00000755  Timers_Init                   
000007b5  UARTIntHandler                
00000805  GPIOPinConfigure              
0000084d  __TI_auto_init_nobinit_nopinit
00000891  Timer0IntHandler              
000008d1  _c_int00_noargs               
00000905  GPIODirModeSet                
00000931  Calc_Dist                     
00000951  GPIOPinTypeGPIOInput          
00000963  __TI_zero_init_nomemset       
00000975  __TI_decompress_none          
00000983  UARTCharPut                   
0000098d  GPIOPinRead                   
00000993  ResetISR                      
00000999  SysCtlDelay                   
0000099f  _system_pre_init              
000009a3  C$$EXIT                       
000009a3  abort                         
00000a44  __TI_Handler_Table_Base       
00000a50  __TI_Handler_Table_Limit      
00000a58  __TI_CINIT_Base               
00000a68  __TI_CINIT_Limit              
20000000  __stack                       
20000100  StopFlag                      
20000100  __STACK_END                   
20000100  __STACK_TOP                   
20000104  IncomingSpeed                 
20000105  startSpeed                    
20000106  UART1Counter                  
20000108  UART0_Incoming                
2000010c  UART1_Incoming                
20000110  IncomingTime                  
20000112  StartTime                     
20000114  Time_Diff                     
20000118  g_ui32Flags                   
ffffffff  __TI_pprof_out_hndl           
ffffffff  __TI_prof_data_size           
ffffffff  __TI_prof_data_start          
ffffffff  __binit__                     
ffffffff  __c_args__                    
ffffffff  binit                         
UNDEFED   __mpu_init                    
UNDEFED   _system_post_cinit            

[56 symbols]
